# To add new symbols, a new struct must be created with
# the following semantic:
#
# LIBLWTENSOR_<NEW_VERSION>
# {
#     global:
#         new_symbol;
#         overloaded_symbol;
# } LIBLWTENSOR_<LWRRENT_VERSION>;
#
# The "local: *;" case must be kept only in the oldest
# version.

liblwtensor.1.0.0
{
    global:
lwtensorInit;
lwtensorInitTensorDescriptor;
lwtensorElementwiseTrinary;
lwtensorElementwiseBinary;
lwtensorPermutation;
lwtensorInitContractionDescriptor;
lwtensorInitContractionFind;
lwtensorContractionGetWorkspace;
lwtensorInitContractionPlan;
lwtensorContraction;
lwtensorContractionMaxAlgos;
lwtensorReduction;
lwtensorReductionGetWorkspace;
lwtensorGetAlignmentRequirement;
lwtensorGetVersion;
lwtensorGetLwdartVersion;
lwtensorGetErrorString;
lwtensorContractionFindSetAttribute;
lwtensorHandleAttachPlanCachelines;
lwtensorHandleDetachPlanCachelines;
lwtensorHandleWriteCacheToFile;
lwtensorHandleReadCacheFromFile;
lwtensorContractionDescriptorSetAttribute;
# Internal
lwtensorInitColwolutionDescriptor;
lwtensorInitColwolvedMode;
lwtensorColwolutionGetOutput;
lwtensorContractionDescriptorInfo;
lwtensorContractionPlanInfo;
    local: *;
};
