#line 1 "expressions.h"

good





good





good





good





good





good





good





good







good





good



good





good





good






good





good





good





good





good





good





good





good





good







good



