#line 1 "include.h"
line 1

#line 1 "simple.h" 1
Hello, World!
#line 3 "include.h" 2
line 2

#line 1 "simple.h" 1
Hello, World!
#line 5 "include.h" 2
line 3

#line 1 "subdir/subinclude.h" 1

#line 1 "subdir/simple.h" 1
Simple header - include test.
#line 2 "subdir/subinclude.h" 2
#line 7 "include.h" 2
line 4
