#line 1 "macros.h"

line 2 == 2


file "macros.h" == "macros.h"


>test + 123 * "string"<
line 9 == 9


>"a + 1 ."<


+1b c+


+b c1+


+x1+


+1 xy 2 +


+line 27 + line 27 == 27
+line 29 +line 29 == 29

+line 32 +line 32 == 32




+line 35 +"test"+argtest+line 35 == 35
+line 38 +"test"+argtest+line 38 == 38


+line 39 +""+arg+





12 -> "1" -> "2" ((1), (2))
-> "" -> "" ((), ())


2 "2" 12



[>RELWRSIVE_OUTER(x)<]  

line 55 == 55



((1 +(2*3))*4)  


+ "123 xyz ( )" +  


+ 12 +  


line__LINE__  



line__LINE__  



line76  



prefix PREFIX_SELF




CALL0+
()
(1)
>""<
>"1"<
line 90()
line 91(1)






3
3




4


CALL_MACRO_NAME
do not expand




(1 +1)
line 1
(2 +1)
line 2



4 after
line 3


RELWRSIVE(1) "RELWRSIVE"

RELWRSIVE2(RELWRSIVE2)
