#line 1 "tokens.h"
 



begin single line comments test
 
/
 
/
 
/
/ 
/ 
 
visible
end single line comments test

begin multi line comments test
/ /
 
 
 
 
 /
end multi line comments test

begin numbers test
/ 0123456 /
/ 1e /
/ 0.0 /
/ 0. /
/ 0.1e2 /
/ 1.e-3 /
/ 2.e+4 /
end numbers test

begin strings test
/"e"/
/"\r"/
/"\""/
/"\\"/
/"'"/
/"'e'\"e'"/
/"eee"/


/'e'/
/'\r'/
/'\"'/
/'\\'/
/'"'/
/'"e"\'e"'/
/'eee'/


end strings test

begin punctuators test
~/!/!=/!==/%/%=
^/^=/&/&&/&=/ */ *=/(/)
-/--/-=/+/++/+=/ =/ ==/ ===
{/}/[/]/|/||/:/;
</<</<<=/<=/>/>>/>>>/>>/>>=
?/,/./ / / /=
end punctuators test
